// Jest Snapshot v1, https://goo.gl/fbAQLP

exports[`Bullet general test. Bullet changes when hovered 1`] = `
Array [
  <div
    className="range-bullet range-bullet-hidden"
    data-testid="bullet-min"
    draggable={true}
    onDragEnter={[Function]}
    style={
      Object {
        "border": "1px solid black",
        "boxSizing": "border-box",
        "height": 40,
        "marginLeft": -20,
        "opacity": 0,
        "position": "absolute",
        "width": 40,
        "zIndex": 3,
      }
    }
  />,
  <div
    className="range-bullet range-bullet-visible"
    draggable={true}
    style={
      Object {
        "backgroundColor": "white",
        "border": "1px solid black",
        "boxSizing": "border-box",
        "height": 40,
        "marginLeft": -20,
        "position": "absolute",
        "width": 40,
        "zIndex": 2,
      }
    }
  />,
]
`;

exports[`Bullet general test. Bullet changes when hovered 2`] = `
Array [
  <div
    className="range-bullet range-bullet-hidden"
    data-testid="bullet-min"
    draggable={true}
    onDragEnter={[Function]}
    style={
      Object {
        "border": "1px solid black",
        "boxSizing": "border-box",
        "height": 40,
        "marginLeft": -20,
        "opacity": 0,
        "position": "absolute",
        "width": 40,
        "zIndex": 3,
      }
    }
  />,
  <div
    className="range-bullet range-bullet-visible"
    draggable={true}
    style={
      Object {
        "backgroundColor": "white",
        "border": "1px solid black",
        "boxSizing": "border-box",
        "height": 40,
        "marginLeft": -20,
        "position": "absolute",
        "width": 40,
        "zIndex": 2,
      }
    }
  />,
]
`;
